C:\Users\sohan\Documents\School\Entomology Research\Spatiotemporal-CPB-Modeline-with-SLiM\Python_Code\ld_common.py:158: RuntimeWarning: Mean of empty slice
  m = np.nanmean(np.asarray(sum_r2, float) / np.asarray(cnt, float), axis=1)
ld_common spec 4d1d1d92b25b -- matches the empirical run
  [slim] seed=1 19.9s trees=82.2MB
[13:58:06] recapitating anc_ne=6700 ...
[14:05:25] recap 438.5s edges=3313228
[14:05:29] simplified -> 27988 samples
[14:05:31] mutated -> 139839 sites (444.5s total)

[2015]  2.7s   fitted bins 13   |sim-obs| over bins >= 562 bp = 0.00575
              bin    sim r2    obs r2      diff     sim pairs
        1-2              --    0.4031        --             0
        2-3              --    0.3431        --             0
        3-6              --    0.3139        --             0
        6-10             --    0.2990        --             0
       10-18             --    0.2853        --             0
       18-32             --    0.2675        --             0
       32-56             --    0.2427        --             0
       56-100        0.0899    0.2143   -0.1244            41
      100-178        0.1570    0.1861   -0.0291         4,118
      178-316        0.1408    0.1613   -0.0205         4,849
      316-562        0.1212    0.1412   -0.0200        10,717
*     562-1000       0.1083    0.1251   -0.0168        17,978
*    1000-1778       0.1021    0.1126   -0.0106        32,284
*    1778-3162       0.0985    0.1032   -0.0047        57,700
*    3162-5623       0.0946    0.0964   -0.0018       102,904
*    5623-10000      0.0910    0.0918   -0.0008       179,900
*   10000-17783      0.0795    0.0892   -0.0098           674
*   17783-31623      0.0907    0.0877   +0.0030           844
*   31623-56234      0.0818    0.0867   -0.0049         1,620
*   56234-100000     0.0777    0.0858   -0.0081         2,720
*  100000-177828     0.0810    0.0849   -0.0039         4,457
*  177828-316228     0.0795    0.0839   -0.0044         6,923
*  316228-562341     0.0794    0.0829   -0.0035         9,147
*  562341-1000000    0.0796    0.0821   -0.0025         6,699
    sim 2015: mean r^2 0.1630 -> 0.0797; crosses halfway in bin 56-100 bp   [spec 4d1d1d92b25b]

[2019]  2.4s   fitted bins 13   |sim-obs| over bins >= 562 bp = 0.00586
              bin    sim r2    obs r2      diff     sim pairs
        1-2              --    0.3974        --             0
        2-3              --    0.3382        --             0
        3-6              --    0.3096        --             0
        6-10             --    0.2950        --             0
       10-18             --    0.2815        --             0
       18-32             --    0.2638        --             0
       32-56             --    0.2395        --             0
       56-100        0.1228    0.2117   -0.0889            34
      100-178        0.1564    0.1842   -0.0278         3,220
      178-316        0.1388    0.1600   -0.0212         3,692
      316-562        0.1188    0.1408   -0.0220         8,222
*     562-1000       0.1109    0.1254   -0.0145        13,964
*    1000-1778       0.1042    0.1135   -0.0092        24,872
*    1778-3162       0.0987    0.1045   -0.0058        44,804
*    3162-5623       0.0954    0.0981   -0.0026        79,366
*    5623-10000      0.0906    0.0938   -0.0032       139,160
*   10000-17783      0.0871    0.0914   -0.0043           530
*   17783-31623      0.0824    0.0899   -0.0075           638
*   31623-56234      0.0844    0.0890   -0.0046         1,256
*   56234-100000     0.0808    0.0881   -0.0073         2,129
*  100000-177828     0.0827    0.0872   -0.0045         3,454
*  177828-316228     0.0824    0.0862   -0.0039         5,364
*  316228-562341     0.0789    0.0853   -0.0064         7,119
*  562341-1000000    0.0822    0.0846   -0.0024         5,224
    sim 2019: mean r^2 0.1595 -> 0.0795; crosses halfway in bin 562-1000 bp   [spec 4d1d1d92b25b]

[2023]  2.6s   fitted bins 13   |sim-obs| over bins >= 562 bp = 0.00734
              bin    sim r2    obs r2      diff     sim pairs
        1-2              --    0.4036        --             0
        2-3              --    0.3440        --             0
        3-6              --    0.3152        --             0
        6-10             --    0.3006        --             0
       10-18             --    0.2869        --             0
       18-32             --    0.2690        --             0
       32-56             --    0.2443        --             0
       56-100        0.1349    0.2160   -0.0810            36
      100-178        0.1545    0.1877   -0.0332         3,674
      178-316        0.1372    0.1629   -0.0257         4,326
      316-562        0.1201    0.1434   -0.0233         9,871
*     562-1000       0.1084    0.1277   -0.0193        16,532
*    1000-1778       0.1016    0.1155   -0.0140        29,346
*    1778-3162       0.0967    0.1064   -0.0097        52,570
*    3162-5623       0.0940    0.0997   -0.0057        93,784
*    5623-10000      0.0907    0.0953   -0.0045       163,275
*   10000-17783      0.0851    0.0928   -0.0077           623
*   17783-31623      0.0895    0.0912   -0.0017           759
*   31623-56234      0.0861    0.0903   -0.0042         1,494
*   56234-100000     0.0804    0.0894   -0.0090         2,493
*  100000-177828     0.0828    0.0885   -0.0057         4,061
*  177828-316228     0.0822    0.0876   -0.0054         6,319
*  316228-562341     0.0830    0.0866   -0.0036         8,415
*  562341-1000000    0.0810    0.0859   -0.0048         6,197
    sim 2023: mean r^2 0.1580 -> 0.0815; crosses halfway in bin 56-100 bp   [spec 4d1d1d92b25b]

=== POPMULT=2000: ld_loss (bins >= 562 bp) = 0.00631
    LD cost 7.8s at thin=25 for 3 years, 24 demes -- against a ~1.2 h trial that is 0.2% overhead
    appended to ..\out\ld_probe.jsonl
