ld_common spec 4d1d1d92b25b -- matches the empirical run
[13:50:44] loading ../out/ld_probe_p5000.trees

[2015]  119.1s   fitted bins 13   |sim-obs| over bins >= 562 bp = 0.01038
              bin    sim r2    obs r2      diff     sim pairs
        1-2          0.3710    0.4031   -0.0321        33,942
        2-3          0.3394    0.3431   -0.0036        33,063
        3-6          0.3336    0.3139   +0.0197        98,367
        6-10         0.3093    0.2990   +0.0103       129,793
       10-18         0.2803    0.2853   -0.0051       256,393
       18-32         0.2390    0.2675   -0.0285       438,121
       32-56         0.1967    0.2427   -0.0459       738,226
       56-100        0.1626    0.2143   -0.0517     1,328,995
      100-178        0.1330    0.1861   -0.0531     2,326,468
      178-316        0.1137    0.1613   -0.0476     4,093,372
      316-562        0.1014    0.1412   -0.0398     7,233,350
*     562-1000       0.0941    0.1251   -0.0310    12,872,177
*    1000-1778       0.0895    0.1126   -0.0231    22,884,372
*    1778-3162       0.0870    0.1032   -0.0163    40,575,673
*    3162-5623       0.0852    0.0964   -0.0112    71,985,331
*    5623-10000      0.0835    0.0918   -0.0083   127,592,424
*   10000-17783      0.0820    0.0892   -0.0072       390,371
*   17783-31623      0.0806    0.0877   -0.0071       634,442
*   31623-56234      0.0802    0.0867   -0.0064     1,105,666
*   56234-100000     0.0796    0.0858   -0.0062     1,895,013
*  100000-177828     0.0791    0.0849   -0.0058     3,144,102
*  177828-316228     0.0789    0.0839   -0.0050     4,864,676
*  316228-562341     0.0788    0.0829   -0.0041     6,455,249
*  562341-1000000    0.0789    0.0821   -0.0032     4,582,935
    sim 2015: mean r^2 0.3752 -> 0.0803; crosses halfway in bin 32-56 bp   [spec 4d1d1d92b25b]

[2019]  99.6s   fitted bins 13   |sim-obs| over bins >= 562 bp = 0.01085
              bin    sim r2    obs r2      diff     sim pairs
        1-2          0.3671    0.3974   -0.0304        26,957
        2-3          0.3371    0.3382   -0.0011        25,937
        3-6          0.3307    0.3096   +0.0212        77,540
        6-10         0.3063    0.2950   +0.0113       102,105
       10-18         0.2776    0.2815   -0.0039       202,307
       18-32         0.2359    0.2638   -0.0279       345,669
       32-56         0.1953    0.2395   -0.0442       582,458
       56-100        0.1616    0.2117   -0.0500     1,047,808
      100-178        0.1325    0.1842   -0.0517     1,832,935
      178-316        0.1138    0.1600   -0.0462     3,225,599
      316-562        0.1018    0.1408   -0.0390     5,704,942
*     562-1000       0.0947    0.1254   -0.0307    10,154,905
*    1000-1778       0.0903    0.1135   -0.0232    18,058,123
*    1778-3162       0.0877    0.1045   -0.0168    32,004,788
*    3162-5623       0.0859    0.0981   -0.0122    56,808,301
*    5623-10000      0.0845    0.0938   -0.0092   100,704,098
*   10000-17783      0.0839    0.0914   -0.0075       308,012
*   17783-31623      0.0825    0.0899   -0.0074       500,490
*   31623-56234      0.0820    0.0890   -0.0070       872,282
*   56234-100000     0.0814    0.0881   -0.0067     1,494,560
*  100000-177828     0.0811    0.0872   -0.0062     2,480,546
*  177828-316228     0.0805    0.0862   -0.0057     3,836,961
*  316228-562341     0.0806    0.0853   -0.0047     5,091,163
*  562341-1000000    0.0807    0.0846   -0.0038     3,619,493
    sim 2019: mean r^2 0.3686 -> 0.0812; crosses halfway in bin 32-56 bp   [spec 4d1d1d92b25b]

[2023]  106.8s   fitted bins 13   |sim-obs| over bins >= 562 bp = 0.01227
              bin    sim r2    obs r2      diff     sim pairs
        1-2          0.3714    0.4036   -0.0321        30,835
        2-3          0.3414    0.3440   -0.0027        30,272
        3-6          0.3374    0.3152   +0.0222        89,239
        6-10         0.3089    0.3006   +0.0084       118,006
       10-18         0.2819    0.2869   -0.0050       232,495
       18-32         0.2400    0.2690   -0.0291       397,475
       32-56         0.1978    0.2443   -0.0465       670,523
       56-100        0.1634    0.2160   -0.0526     1,205,718
      100-178        0.1340    0.1877   -0.0537     2,110,951
      178-316        0.1146    0.1629   -0.0483     3,711,506
      316-562        0.1023    0.1434   -0.0411     6,561,380
*     562-1000       0.0951    0.1277   -0.0326    11,683,125
*    1000-1778       0.0907    0.1155   -0.0248    20,761,195
*    1778-3162       0.0882    0.1064   -0.0181    36,810,373
*    3162-5623       0.0864    0.0997   -0.0133    65,328,362
*    5623-10000      0.0851    0.0953   -0.0102   115,783,739
*   10000-17783      0.0831    0.0928   -0.0096       354,399
*   17783-31623      0.0827    0.0912   -0.0085       575,421
*   31623-56234      0.0818    0.0903   -0.0084     1,002,858
*   56234-100000     0.0812    0.0894   -0.0082     1,718,978
*  100000-177828     0.0810    0.0885   -0.0075     2,853,793
*  177828-316228     0.0807    0.0876   -0.0068     4,415,903
*  316228-562341     0.0805    0.0866   -0.0061     5,858,906
*  562341-1000000    0.0807    0.0859   -0.0052     4,158,519
    sim 2023: mean r^2 0.3737 -> 0.0808; crosses halfway in bin 32-56 bp   [spec 4d1d1d92b25b]

=== POPMULT=5000: ld_loss (bins >= 562 bp) = 0.01117
    LD cost 325.5s at thin=1 for 3 years, 24 demes -- against a ~1.2 h trial that is 7.5% overhead
    appended to ..\out\ld_probe.jsonl
