C:\Users\sohan\Documents\School\Entomology Research\Spatiotemporal-CPB-Modeline-with-SLiM\Python_Code\ld_common.py:158: RuntimeWarning: Mean of empty slice
  m = np.nanmean(np.asarray(sum_r2, float) / np.asarray(cnt, float), axis=1)
ld_common spec 4d1d1d92b25b -- matches the empirical run
[14:32:55] recapitating anc_ne=6700 ...
[14:39:33] recap 398.1s edges=1992513
[14:39:36] simplified -> 13964 samples
[14:39:37] mutated -> 93036 sites (402.2s total)

[2015]  1.7s   fitted bins 13   |sim-obs| over bins >= 562 bp = 0.00742
              bin    sim r2    obs r2      diff     sim pairs
        1-2              --    0.4031        --             0
        2-3              --    0.3431        --             0
        3-6              --    0.3139        --             0
        6-10             --    0.2990        --             0
       10-18             --    0.2853        --             0
       18-32             --    0.2675        --             0
       32-56             --    0.2427        --             0
       56-100            --    0.2143        --             0
      100-178        0.1488    0.1861   -0.0373           418
      178-316        0.1633    0.1613   +0.0020         7,939
      316-562        0.1509    0.1412   +0.0097         8,155
*     562-1000       0.1342    0.1251   +0.0091        16,031
*    1000-1778       0.1267    0.1126   +0.0140        29,080
*    1778-3162       0.1184    0.1032   +0.0152        51,630
*    3162-5623       0.1102    0.0964   +0.0138        91,165
*    5623-10000      0.1036    0.0918   +0.0118       162,948
*   10000-17783      0.0870    0.0892   -0.0022           487
*   17783-31623      0.0977    0.0877   +0.0100           793
*   31623-56234      0.0956    0.0867   +0.0090         1,561
*   56234-100000     0.0871    0.0858   +0.0013         2,449
*  100000-177828     0.0825    0.0849   -0.0023         4,124
*  177828-316228     0.0810    0.0839   -0.0029         6,396
*  316228-562341     0.0783    0.0829   -0.0046         8,412
*  562341-1000000    0.0823    0.0821   +0.0001         5,703
    sim 2015: mean r^2 0.1694 -> 0.0801; crosses halfway in bin 1778-3162 bp   [spec 4d1d1d92b25b]

[2019]  1.6s   fitted bins 13   |sim-obs| over bins >= 562 bp = 0.00576
              bin    sim r2    obs r2      diff     sim pairs
        1-2              --    0.3974        --             0
        2-3              --    0.3382        --             0
        3-6              --    0.3096        --             0
        6-10             --    0.2950        --             0
       10-18             --    0.2815        --             0
       18-32             --    0.2638        --             0
       32-56             --    0.2395        --             0
       56-100            --    0.2117        --             0
      100-178        0.1381    0.1842   -0.0461           345
      178-316        0.1656    0.1600   +0.0056         6,307
      316-562        0.1489    0.1408   +0.0081         6,620
*     562-1000       0.1343    0.1254   +0.0089        12,921
*    1000-1778       0.1243    0.1135   +0.0108        23,237
*    1778-3162       0.1163    0.1045   +0.0118        41,330
*    3162-5623       0.1065    0.0981   +0.0085        72,729
*    5623-10000      0.1008    0.0938   +0.0070       130,674
*   10000-17783      0.0969    0.0914   +0.0055           406
*   17783-31623      0.0979    0.0899   +0.0080           607
*   31623-56234      0.0851    0.0890   -0.0039         1,256
*   56234-100000     0.0867    0.0881   -0.0015         1,985
*  100000-177828     0.0831    0.0872   -0.0041         3,290
*  177828-316228     0.0847    0.0862   -0.0015         5,087
*  316228-562341     0.0838    0.0853   -0.0015         6,708
*  562341-1000000    0.0826    0.0846   -0.0020         4,603
    sim 2019: mean r^2 0.1696 -> 0.0828; crosses halfway in bin 1778-3162 bp   [spec 4d1d1d92b25b]

[2023]  1.6s   fitted bins 13   |sim-obs| over bins >= 562 bp = 0.00754
              bin    sim r2    obs r2      diff     sim pairs
        1-2              --    0.4036        --             0
        2-3              --    0.3440        --             0
        3-6              --    0.3152        --             0
        6-10             --    0.3006        --             0
       10-18             --    0.2869        --             0
       18-32             --    0.2690        --             0
       32-56             --    0.2443        --             0
       56-100            --    0.2160        --             0
      100-178        0.1418    0.1877   -0.0459           376
      178-316        0.1716    0.1629   +0.0087         7,121
      316-562        0.1574    0.1434   +0.0140         7,377
*     562-1000       0.1396    0.1277   +0.0119        14,425
*    1000-1778       0.1304    0.1155   +0.0149        25,768
*    1778-3162       0.1232    0.1064   +0.0168        46,167
*    3162-5623       0.1131    0.0997   +0.0134        81,196
*    5623-10000      0.1053    0.0953   +0.0100       145,618
*   10000-17783      0.0939    0.0928   +0.0011           409
*   17783-31623      0.1050    0.0912   +0.0138           734
*   31623-56234      0.0946    0.0903   +0.0043         1,345
*   56234-100000     0.0883    0.0894   -0.0011         2,223
*  100000-177828     0.0891    0.0885   +0.0006         3,665
*  177828-316228     0.0833    0.0876   -0.0043         5,721
*  316228-562341     0.0848    0.0866   -0.0018         7,490
*  562341-1000000    0.0818    0.0859   -0.0040         5,132
    sim 2023: mean r^2 0.1766 -> 0.0816; crosses halfway in bin 1778-3162 bp   [spec 4d1d1d92b25b]

=== POPMULT=1000: ld_loss (bins >= 562 bp) = 0.00691
    LD cost 4.9s at thin=25 for 3 years, 24 demes -- against a ~1.2 h trial that is 0.1% overhead
    appended to ..\out\ld_probe.jsonl
