C:\Users\sohan\Documents\School\Entomology Research\Spatiotemporal-CPB-Modeline-with-SLiM\Python_Code\ld_common.py:158: RuntimeWarning: Mean of empty slice
  m = np.nanmean(np.asarray(sum_r2, float) / np.asarray(cnt, float), axis=1)
ld_common spec 4d1d1d92b25b -- matches the empirical run
[14:32:55] recapitating anc_ne=6700 ...
[14:41:03] recap 488.7s edges=2665525
[14:41:08] simplified -> 20986 samples
[14:41:09] mutated -> 117162 sites (494.4s total)

[2015]  2.2s   fitted bins 13   |sim-obs| over bins >= 562 bp = 0.00271
              bin    sim r2    obs r2      diff     sim pairs
        1-2              --    0.4031        --             0
        2-3              --    0.3431        --             0
        3-6              --    0.3139        --             0
        6-10             --    0.2990        --             0
       10-18             --    0.2853        --             0
       18-32             --    0.2675        --             0
       32-56             --    0.2427        --             0
       56-100            --    0.2143        --             0
      100-178        0.1638    0.1861   -0.0224         2,059
      178-316        0.1450    0.1613   -0.0163         7,170
      316-562        0.1289    0.1412   -0.0123        10,203
*     562-1000       0.1205    0.1251   -0.0046        18,826
*    1000-1778       0.1134    0.1126   +0.0007        32,412
*    1778-3162       0.1049    0.1032   +0.0017        58,307
*    3162-5623       0.0993    0.0964   +0.0029       103,759
*    5623-10000      0.0949    0.0918   +0.0031       184,865
*   10000-17783      0.0926    0.0892   +0.0033           657
*   17783-31623      0.0893    0.0877   +0.0017           828
*   31623-56234      0.0857    0.0867   -0.0010         1,757
*   56234-100000     0.0835    0.0858   -0.0023         2,722
*  100000-177828     0.0803    0.0849   -0.0046         4,624
*  177828-316228     0.0801    0.0839   -0.0038         7,055
*  316228-562341     0.0800    0.0829   -0.0029         9,513
*  562341-1000000    0.0795    0.0821   -0.0026         6,822
    sim 2015: mean r^2 0.1696 -> 0.0815; crosses halfway in bin 562-1000 bp   [spec 4d1d1d92b25b]

[2019]  2.1s   fitted bins 13   |sim-obs| over bins >= 562 bp = 0.00301
              bin    sim r2    obs r2      diff     sim pairs
        1-2              --    0.3974        --             0
        2-3              --    0.3382        --             0
        3-6              --    0.3096        --             0
        6-10             --    0.2950        --             0
       10-18             --    0.2815        --             0
       18-32             --    0.2638        --             0
       32-56             --    0.2395        --             0
       56-100            --    0.2117        --             0
      100-178        0.1651    0.1842   -0.0191         1,635
      178-316        0.1456    0.1600   -0.0144         5,598
      316-562        0.1311    0.1408   -0.0097         8,026
*     562-1000       0.1218    0.1254   -0.0036        14,698
*    1000-1778       0.1128    0.1135   -0.0007        25,519
*    1778-3162       0.1045    0.1045   +0.0001        45,616
*    3162-5623       0.0977    0.0981   -0.0004        80,984
*    5623-10000      0.0942    0.0938   +0.0004       144,275
*   10000-17783      0.0965    0.0914   +0.0051           512
*   17783-31623      0.0908    0.0899   +0.0009           657
*   31623-56234      0.0850    0.0890   -0.0040         1,326
*   56234-100000     0.0834    0.0881   -0.0047         2,155
*  100000-177828     0.0804    0.0872   -0.0069         3,572
*  177828-316228     0.0808    0.0862   -0.0055         5,489
*  316228-562341     0.0800    0.0853   -0.0053         7,362
*  562341-1000000    0.0828    0.0846   -0.0017         5,335
    sim 2019: mean r^2 0.1690 -> 0.0806; crosses halfway in bin 562-1000 bp   [spec 4d1d1d92b25b]

[2023]  2.2s   fitted bins 13   |sim-obs| over bins >= 562 bp = 0.00326
              bin    sim r2    obs r2      diff     sim pairs
        1-2              --    0.4036        --             0
        2-3              --    0.3440        --             0
        3-6              --    0.3152        --             0
        6-10             --    0.3006        --             0
       10-18             --    0.2869        --             0
       18-32             --    0.2690        --             0
       32-56             --    0.2443        --             0
       56-100            --    0.2160        --             0
      100-178        0.1660    0.1877   -0.0217         1,872
      178-316        0.1497    0.1629   -0.0132         6,620
      316-562        0.1343    0.1434   -0.0091         9,370
*     562-1000       0.1221    0.1277   -0.0057        16,986
*    1000-1778       0.1141    0.1155   -0.0014        29,672
*    1778-3162       0.1054    0.1064   -0.0009        52,901
*    3162-5623       0.1000    0.0997   +0.0003        94,344
*    5623-10000      0.0963    0.0953   +0.0011       168,282
*   10000-17783      0.0889    0.0928   -0.0038           614
*   17783-31623      0.0945    0.0912   +0.0032           754
*   31623-56234      0.0858    0.0903   -0.0044         1,583
*   56234-100000     0.0898    0.0894   +0.0004         2,498
*  100000-177828     0.0843    0.0885   -0.0043         4,194
*  177828-316228     0.0822    0.0876   -0.0053         6,438
*  316228-562341     0.0812    0.0866   -0.0054         8,622
*  562341-1000000    0.0798    0.0859   -0.0061         6,140
    sim 2023: mean r^2 0.1705 -> 0.0799; crosses halfway in bin 562-1000 bp   [spec 4d1d1d92b25b]

=== POPMULT=1500: ld_loss (bins >= 562 bp) = 0.00299
    LD cost 6.5s at thin=25 for 3 years, 24 demes -- against a ~1.2 h trial that is 0.2% overhead
    appended to ..\out\ld_probe.jsonl
