C:\Users\sohan\Documents\School\Entomology Research\Spatiotemporal-CPB-Modeline-with-SLiM\Python_Code\ld_common.py:158: RuntimeWarning: Mean of empty slice
  m = np.nanmean(np.asarray(sum_r2, float) / np.asarray(cnt, float), axis=1)
ld_common spec 4d1d1d92b25b -- matches the empirical run
[14:32:55] recapitating anc_ne=6700 ...
[14:49:42] recap 1007.0s edges=5161653
[14:49:52] simplified -> 49030 samples
[14:49:54] mutated -> 200820 sites (1019.4s total)

[2015]  7.3s   fitted bins 13   |sim-obs| over bins >= 562 bp = 0.00779
              bin    sim r2    obs r2      diff     sim pairs
        1-2              --    0.4031        --             0
        2-3              --    0.3431        --             0
        3-6              --    0.3139        --             0
        6-10             --    0.2990        --             0
       10-18             --    0.2853        --             0
       18-32             --    0.2675        --             0
       32-56             --    0.2427        --             0
       56-100        0.1738    0.2143   -0.0405           726
      100-178        0.1321    0.1861   -0.0540         4,684
      178-316        0.1159    0.1613   -0.0454         5,650
      316-562        0.1075    0.1412   -0.0337        11,112
*     562-1000       0.0983    0.1251   -0.0268        19,350
*    1000-1778       0.0932    0.1126   -0.0195        34,373
*    1778-3162       0.0897    0.1032   -0.0135        60,906
*    3162-5623       0.0882    0.0964   -0.0082       107,465
*    5623-10000      0.0858    0.0918   -0.0060       191,293
*   10000-17783      0.0903    0.0892   +0.0011           713
*   17783-31623      0.0830    0.0877   -0.0047           867
*   31623-56234      0.0811    0.0867   -0.0056         1,724
*   56234-100000     0.0814    0.0858   -0.0044         2,839
*  100000-177828     0.0787    0.0849   -0.0062         4,701
*  177828-316228     0.0838    0.0839   -0.0000         7,413
*  316228-562341     0.0792    0.0829   -0.0037         9,927
*  562341-1000000    0.0805    0.0821   -0.0017         6,863
    sim 2015: mean r^2 0.1787 -> 0.0799; crosses halfway in bin 178-316 bp   [spec 4d1d1d92b25b]

[2019]  5.9s   fitted bins 13   |sim-obs| over bins >= 562 bp = 0.00859
              bin    sim r2    obs r2      diff     sim pairs
        1-2              --    0.3974        --             0
        2-3              --    0.3382        --             0
        3-6              --    0.3096        --             0
        6-10             --    0.2950        --             0
       10-18             --    0.2815        --             0
       18-32             --    0.2638        --             0
       32-56             --    0.2395        --             0
       56-100        0.1626    0.2117   -0.0491           601
      100-178        0.1358    0.1842   -0.0484         3,714
      178-316        0.1176    0.1600   -0.0424         4,466
      316-562        0.1098    0.1408   -0.0310         8,713
*     562-1000       0.1009    0.1254   -0.0244        15,271
*    1000-1778       0.0937    0.1135   -0.0197        27,088
*    1778-3162       0.0920    0.1045   -0.0124        47,978
*    3162-5623       0.0889    0.0981   -0.0092        84,519
*    5623-10000      0.0866    0.0938   -0.0072       151,164
*   10000-17783      0.0874    0.0914   -0.0040           583
*   17783-31623      0.0828    0.0899   -0.0071           654
*   31623-56234      0.0854    0.0890   -0.0036         1,404
*   56234-100000     0.0793    0.0881   -0.0088         2,221
*  100000-177828     0.0815    0.0872   -0.0057         3,746
*  177828-316228     0.0830    0.0862   -0.0032         5,869
*  316228-562341     0.0811    0.0853   -0.0042         7,869
*  562341-1000000    0.0824    0.0846   -0.0021         5,463
    sim 2019: mean r^2 0.1638 -> 0.0798; crosses halfway in bin 178-316 bp   [spec 4d1d1d92b25b]

[2023]  6.3s   fitted bins 13   |sim-obs| over bins >= 562 bp = 0.01086
              bin    sim r2    obs r2      diff     sim pairs
        1-2              --    0.4036        --             0
        2-3              --    0.3440        --             0
        3-6              --    0.3152        --             0
        6-10             --    0.3006        --             0
       10-18             --    0.2869        --             0
       18-32             --    0.2690        --             0
       32-56             --    0.2443        --             0
       56-100        0.1602    0.2160   -0.0558           686
      100-178        0.1344    0.1877   -0.0533         4,284
      178-316        0.1194    0.1629   -0.0435         5,080
      316-562        0.1088    0.1434   -0.0346        10,014
*     562-1000       0.1012    0.1277   -0.0265        17,481
*    1000-1778       0.0946    0.1155   -0.0210        30,797
*    1778-3162       0.0918    0.1064   -0.0146        54,992
*    3162-5623       0.0899    0.0997   -0.0098        97,037
*    5623-10000      0.0870    0.0953   -0.0083       172,715
*   10000-17783      0.0809    0.0928   -0.0118           652
*   17783-31623      0.0881    0.0912   -0.0032           792
*   31623-56234      0.0842    0.0903   -0.0061         1,555
*   56234-100000     0.0818    0.0894   -0.0077         2,605
*  100000-177828     0.0793    0.0885   -0.0093         4,235
*  177828-316228     0.0775    0.0876   -0.0101         6,697
*  316228-562341     0.0801    0.0866   -0.0065         9,007
*  562341-1000000    0.0795    0.0859   -0.0064         6,273
    sim 2023: mean r^2 0.1633 -> 0.0777; crosses halfway in bin 316-562 bp   [spec 4d1d1d92b25b]

=== POPMULT=3500: ld_loss (bins >= 562 bp) = 0.00908
    LD cost 19.5s at thin=25 for 3 years, 24 demes -- against a ~1.2 h trial that is 0.5% overhead
    appended to ..\out\ld_probe.jsonl
