C:\Users\sohan\Documents\School\Entomology Research\Spatiotemporal-CPB-Modeline-with-SLiM\Python_Code\ld_common.py:158: RuntimeWarning: Mean of empty slice
  m = np.nanmean(np.asarray(sum_r2, float) / np.asarray(cnt, float), axis=1)
ld_common spec 4d1d1d92b25b -- matches the empirical run
[14:32:55] recapitating anc_ne=6700 ...
[14:37:59] recap 304.5s edges=1238518
[14:38:01] simplified -> 6944 samples
[14:38:02] mutated -> 65174 sites (307.3s total)

[2015]  1.1s   fitted bins 13   |sim-obs| over bins >= 562 bp = 0.02468
              bin    sim r2    obs r2      diff     sim pairs
        1-2              --    0.4031        --             0
        2-3              --    0.3431        --             0
        3-6              --    0.3139        --             0
        6-10             --    0.2990        --             0
       10-18             --    0.2853        --             0
       18-32             --    0.2675        --             0
       32-56             --    0.2427        --             0
       56-100            --    0.2143        --             0
      100-178        0.2074    0.1861   +0.0212            14
      178-316        0.2154    0.1613   +0.0541         2,161
      316-562        0.2084    0.1412   +0.0672         8,304
*     562-1000       0.1868    0.1251   +0.0617        11,312
*    1000-1778       0.1708    0.1126   +0.0582        20,859
*    1778-3162       0.1549    0.1032   +0.0516        37,093
*    3162-5623       0.1383    0.0964   +0.0419        64,663
*    5623-10000      0.1271    0.0918   +0.0353       116,641
*   10000-17783      0.0968    0.0892   +0.0075           126
*   17783-31623      0.1200    0.0877   +0.0323           793
*   31623-56234      0.0980    0.0867   +0.0113           963
*   56234-100000     0.0905    0.0858   +0.0047         1,757
*  100000-177828     0.0928    0.0849   +0.0079         2,892
*  177828-316228     0.0884    0.0839   +0.0046         4,534
*  316228-562341     0.0864    0.0829   +0.0035         5,948
*  562341-1000000    0.0818    0.0821   -0.0004         4,330
    sim 2015: mean r^2 0.2336 -> 0.0832; crosses halfway in bin 3162-5623 bp   [spec 4d1d1d92b25b]

[2019]  1.0s   fitted bins 13   |sim-obs| over bins >= 562 bp = 0.02481
              bin    sim r2    obs r2      diff     sim pairs
        1-2              --    0.3974        --             0
        2-3              --    0.3382        --             0
        3-6              --    0.3096        --             0
        6-10             --    0.2950        --             0
       10-18             --    0.2815        --             0
       18-32             --    0.2638        --             0
       32-56             --    0.2395        --             0
       56-100            --    0.2117        --             0
      100-178        0.1477    0.1842   -0.0365             5
      178-316        0.2110    0.1600   +0.0510         1,649
      316-562        0.2171    0.1408   +0.0763         6,345
*     562-1000       0.1892    0.1254   +0.0638         8,625
*    1000-1778       0.1734    0.1135   +0.0599        15,817
*    1778-3162       0.1556    0.1045   +0.0511        28,151
*    3162-5623       0.1398    0.0981   +0.0418        48,997
*    5623-10000      0.1277    0.0938   +0.0339        88,544
*   10000-17783      0.0747    0.0914   -0.0167            75
*   17783-31623      0.1188    0.0899   +0.0289           619
*   31623-56234      0.1016    0.0890   +0.0127           724
*   56234-100000     0.0879    0.0881   -0.0003         1,341
*  100000-177828     0.0907    0.0872   +0.0035         2,205
*  177828-316228     0.0844    0.0862   -0.0018         3,424
*  316228-562341     0.0866    0.0853   +0.0013         4,548
*  562341-1000000    0.0914    0.0846   +0.0069         3,256
    sim 2019: mean r^2 0.2324 -> 0.0727; crosses halfway in bin 100-178 bp   [spec 4d1d1d92b25b]

[2023]  1.0s   fitted bins 13   |sim-obs| over bins >= 562 bp = 0.02278
              bin    sim r2    obs r2      diff     sim pairs
        1-2              --    0.4036        --             0
        2-3              --    0.3440        --             0
        3-6              --    0.3152        --             0
        6-10             --    0.3006        --             0
       10-18             --    0.2869        --             0
       18-32             --    0.2690        --             0
       32-56             --    0.2443        --             0
       56-100            --    0.2160        --             0
      100-178        0.2625    0.1877   +0.0748             9
      178-316        0.2134    0.1629   +0.0504         1,899
      316-562        0.2144    0.1434   +0.0710         7,219
*     562-1000       0.1982    0.1277   +0.0705         9,878
*    1000-1778       0.1730    0.1155   +0.0575        18,252
*    1778-3162       0.1566    0.1064   +0.0502        32,445
*    3162-5623       0.1433    0.0997   +0.0436        56,733
*    5623-10000      0.1315    0.0953   +0.0362       102,116
*   10000-17783      0.0891    0.0928   -0.0037            81
*   17783-31623      0.1109    0.0912   +0.0196           720
*   31623-56234      0.0926    0.0903   +0.0023           838
*   56234-100000     0.0902    0.0894   +0.0008         1,529
*  100000-177828     0.0930    0.0885   +0.0044         2,555
*  177828-316228     0.0852    0.0876   -0.0024         3,950
*  316228-562341     0.0852    0.0866   -0.0014         5,262
*  562341-1000000    0.0893    0.0859   +0.0035         3,739
    sim 2023: mean r^2 0.2625 -> 0.0797; crosses halfway in bin 1778-3162 bp   [spec 4d1d1d92b25b]

=== POPMULT=500: ld_loss (bins >= 562 bp) = 0.02409
    LD cost 3.1s at thin=25 for 3 years, 24 demes -- against a ~1.2 h trial that is 0.1% overhead
    appended to ..\out\ld_probe.jsonl
